<blockquote>
<p>Thanks to <a href="https://github.com/jonchlinkert">@jonchlinkert</a> for helping with the implementation.</p>
</blockquote>
