<ul>
<li><a href="https://github.com/doowb">@doowb</a></li>
<li><a href="https://github.com/jonschlinkert">@jonschlinkert</a></li>
</ul>
