<pre><code class="language-js">var doowb = &quot; @doowb &quot;;
</code></pre>
